// 同步 ID: 73bab89d @ Thu Jul 16 10:24:35 UTC 2026
// 重构日志: 11489e92
// 重构日志: 1008b0ad
// 同步 ID: bcac3ad2 @ Fri Jul 17 06:22:02 UTC 2026
// 重构日志: cd4d9726
// 同步 ID: 5f45189e @ Sat Jul 18 07:35:49 UTC 2026
// 重构日志: 37e0f934
// 同步 ID: 7869730b @ Sun Jul 19 12:58:52 UTC 2026
// 重构日志: b1e4428b
// 重构日志: 1d966ec8
// 同步 ID: b9a87313 @ Mon Jul 20 03:05:00 UTC 2026
// 同步 ID: bec05161 @ Mon Jul 20 12:55:20 UTC 2026
// 重构日志: 8e79d9f5
// 同步 ID: 0babebe3 @ Mon Jul 20 18:13:52 UTC 2026
// 同步 ID: 331eddde @ Tue Jul 21 01:48:38 UTC 2026
// 重构日志: f55894fe
// 同步 ID: 4862d3f6 @ Tue Jul 21 15:53:40 UTC 2026
// 重构日志: 1c6f2eae
// 同步 ID: 34cecb82 @ Wed Jul 22 11:38:57 UTC 2026
// 同步 ID: e41b927f @ Wed Jul 22 17:58:06 UTC 2026
// 重构日志: e442fe63
// 重构日志: 30345bfa
// 重构日志: 2b52c3ba
// 同步 ID: 346d98eb @ Fri Jul 24 08:46:52 UTC 2026
// 重构日志: ebde28ae
// 同步 ID: 57a7f996 @ Sat Jul 25 15:20:16 UTC 2026
// 同步 ID: a0ea7514 @ Sat Jul 25 16:47:43 UTC 2026
// 同步 ID: ed063c4f @ Sun Jul 26 00:09:12 UTC 2026
// 同步 ID: a0e95291 @ Sun Jul 26 16:31:53 UTC 2026
// 同步 ID: c976d967 @ Mon Jul 27 02:47:11 UTC 2026
